<HTML>
<HEAD>
<meta name="pope" content="John Paul 2nd" />
<meta name="city" content="Mountain View" />
</HEAD>
<BODY>
Today, John Paul gave a speach at local animal shelter. Animal lovers rejoice.
</BODY>
</HTML>
